app/admin/page.tsx(38,25): error TS6142: Module '../components/ui/Receipt' was resolved to 'C:/Users/charl/Clothing Web/app/components/ui/Receipt.tsx', but '--jsx' is not set.
app/admin/page.tsx(430,9): error TS17004: Cannot use JSX unless the '--jsx' flag is provided.
app/admin/page.tsx(432,13): error TS17004: Cannot use JSX unless the '--jsx' flag is provided.
app/admin/page.tsx(433,17): error TS17004: Cannot use JSX unless the '--jsx' flag is provided.
app/admin/page.tsx(434,21): error TS17004: Cannot use JSX unless the '--jsx' flag is provided.
app/admin/page.tsx(436,17): error TS17004: Cannot use JSX unless the '--jsx' flag is provided.
app/admin/page.tsx(438,25): error TS17004: Cannot use JSX unless the '--jsx' flag is provided.
app/admin/page.tsx(446,29): error TS17004: Cannot use JSX unless the '--jsx' flag is provided.
app/admin/page.tsx(451,17): error TS17004: Cannot use JSX unless the '--jsx' flag is provided.
app/admin/page.tsx(452,21): error TS17004: Cannot use JSX unless the '--jsx' flag is provided.
app/admin/page.tsx(456,25): error TS17004: Cannot use JSX unless the '--jsx' flag is provided.
app/admin/page.tsx(463,13): error TS17004: Cannot use JSX unless the '--jsx' flag is provided.
app/admin/page.tsx(465,17): error TS17004: Cannot use JSX unless the '--jsx' flag is provided.
app/admin/page.tsx(466,21): error TS17004: Cannot use JSX unless the '--jsx' flag is provided.
app/admin/page.tsx(467,25): error TS17004: Cannot use JSX unless the '--jsx' flag is provided.
app/admin/page.tsx(468,25): error TS17004: Cannot use JSX unless the '--jsx' flag is provided.
app/admin/page.tsx(476,21): error TS17004: Cannot use JSX unless the '--jsx' flag is provided.
app/admin/page.tsx(477,25): error TS17004: Cannot use JSX unless the '--jsx' flag is provided.
app/admin/page.tsx(478,29): error TS17004: Cannot use JSX unless the '--jsx' flag is provided.
app/admin/page.tsx(479,33): error TS17004: Cannot use JSX unless the '--jsx' flag is provided.
app/admin/page.tsx(480,33): error TS17004: Cannot use JSX unless the '--jsx' flag is provided.
app/admin/page.tsx(482,29): error TS17004: Cannot use JSX unless the '--jsx' flag is provided.
app/admin/page.tsx(484,37): error TS17004: Cannot use JSX unless the '--jsx' flag is provided.
app/admin/page.tsx(490,41): error TS17004: Cannot use JSX unless the '--jsx' flag is provided.
app/admin/page.tsx(491,45): error TS17004: Cannot use JSX unless the '--jsx' flag is provided.
app/admin/page.tsx(492,45): error TS17004: Cannot use JSX unless the '--jsx' flag is provided.
app/admin/page.tsx(494,41): error TS17004: Cannot use JSX unless the '--jsx' flag is provided.
app/admin/page.tsx(501,49): error TS17004: Cannot use JSX unless the '--jsx' flag is provided.
app/admin/page.tsx(502,53): error TS17004: Cannot use JSX unless the '--jsx' flag is provided.
app/admin/page.tsx(503,57): error TS17004: Cannot use JSX unless the '--jsx' flag is provided.
app/admin/page.tsx(504,57): error TS17004: Cannot use JSX unless the '--jsx' flag is provided.
app/admin/page.tsx(506,53): error TS17004: Cannot use JSX unless the '--jsx' flag is provided.
app/admin/page.tsx(510,41): error TS17004: Cannot use JSX unless the '--jsx' flag is provided.
app/admin/page.tsx(511,45): error TS17004: Cannot use JSX unless the '--jsx' flag is provided.
app/admin/page.tsx(517,25): error TS17004: Cannot use JSX unless the '--jsx' flag is provided.
app/admin/page.tsx(518,29): error TS17004: Cannot use JSX unless the '--jsx' flag is provided.
app/admin/page.tsx(519,33): error TS17004: Cannot use JSX unless the '--jsx' flag is provided.
app/admin/page.tsx(520,33): error TS17004: Cannot use JSX unless the '--jsx' flag is provided.
app/admin/page.tsx(524,29): error TS17004: Cannot use JSX unless the '--jsx' flag is provided.
app/admin/page.tsx(532,17): error TS17004: Cannot use JSX unless the '--jsx' flag is provided.
app/admin/page.tsx(533,21): error TS17004: Cannot use JSX unless the '--jsx' flag is provided.
app/admin/page.tsx(536,29): error TS17004: Cannot use JSX unless the '--jsx' flag is provided.
app/admin/page.tsx(542,33): error TS17004: Cannot use JSX unless the '--jsx' flag is provided.
app/admin/page.tsx(545,33): error TS17004: Cannot use JSX unless the '--jsx' flag is provided.
app/admin/page.tsx(546,37): error TS17004: Cannot use JSX unless the '--jsx' flag is provided.
app/admin/page.tsx(547,41): error TS17004: Cannot use JSX unless the '--jsx' flag is provided.
app/admin/page.tsx(548,41): error TS17004: Cannot use JSX unless the '--jsx' flag is provided.
app/admin/page.tsx(550,37): error TS17004: Cannot use JSX unless the '--jsx' flag is provided.
app/admin/page.tsx(551,41): error TS17004: Cannot use JSX unless the '--jsx' flag is provided.
app/admin/page.tsx(552,45): error TS17004: Cannot use JSX unless the '--jsx' flag is provided.
app/admin/page.tsx(553,49): error TS17004: Cannot use JSX unless the '--jsx' flag is provided.
app/admin/page.tsx(554,53): error TS17004: Cannot use JSX unless the '--jsx' flag is provided.
app/admin/page.tsx(555,53): error TS17004: Cannot use JSX unless the '--jsx' flag is provided.
app/admin/page.tsx(556,53): error TS17004: Cannot use JSX unless the '--jsx' flag is provided.
app/admin/page.tsx(557,53): error TS17004: Cannot use JSX unless the '--jsx' flag is provided.
app/admin/page.tsx(558,53): error TS17004: Cannot use JSX unless the '--jsx' flag is provided.
app/admin/page.tsx(559,53): error TS17004: Cannot use JSX unless the '--jsx' flag is provided.
app/admin/page.tsx(562,45): error TS17004: Cannot use JSX unless the '--jsx' flag is provided.
app/admin/page.tsx(566,57): error TS17004: Cannot use JSX unless the '--jsx' flag is provided.
app/admin/page.tsx(567,61): error TS17004: Cannot use JSX unless the '--jsx' flag is provided.
app/admin/page.tsx(568,61): error TS17004: Cannot use JSX unless the '--jsx' flag is provided.
app/admin/page.tsx(569,61): error TS17004: Cannot use JSX unless the '--jsx' flag is provided.
app/admin/page.tsx(570,61): error TS17004: Cannot use JSX unless the '--jsx' flag is provided.
app/admin/page.tsx(571,61): error TS17004: Cannot use JSX unless the '--jsx' flag is provided.
app/admin/page.tsx(572,61): error TS17004: Cannot use JSX unless the '--jsx' flag is provided.
app/admin/page.tsx(578,49): error TS17004: Cannot use JSX unless the '--jsx' flag is provided.
app/admin/page.tsx(579,53): error TS17004: Cannot use JSX unless the '--jsx' flag is provided.
app/admin/page.tsx(580,53): error TS17004: Cannot use JSX unless the '--jsx' flag is provided.
app/admin/page.tsx(581,53): error TS17004: Cannot use JSX unless the '--jsx' flag is provided.
app/admin/page.tsx(582,53): error TS17004: Cannot use JSX unless the '--jsx' flag is provided.
app/admin/page.tsx(585,53): error TS17004: Cannot use JSX unless the '--jsx' flag is provided.
app/admin/page.tsx(586,53): error TS17004: Cannot use JSX unless the '--jsx' flag is provided.
app/admin/page.tsx(594,33): error TS17004: Cannot use JSX unless the '--jsx' flag is provided.
app/admin/page.tsx(595,37): error TS17004: Cannot use JSX unless the '--jsx' flag is provided.
app/admin/page.tsx(596,41): error TS17004: Cannot use JSX unless the '--jsx' flag is provided.
app/admin/page.tsx(597,45): error TS17004: Cannot use JSX unless the '--jsx' flag is provided.
app/admin/page.tsx(598,45): error TS17004: Cannot use JSX unless the '--jsx' flag is provided.
app/admin/page.tsx(600,41): error TS17004: Cannot use JSX unless the '--jsx' flag is provided.
app/admin/page.tsx(601,45): error TS17004: Cannot use JSX unless the '--jsx' flag is provided.
app/admin/page.tsx(602,49): error TS17004: Cannot use JSX unless the '--jsx' flag is provided.
app/admin/page.tsx(604,45): error TS17004: Cannot use JSX unless the '--jsx' flag is provided.
app/admin/page.tsx(605,49): error TS17004: Cannot use JSX unless the '--jsx' flag is provided.
app/admin/page.tsx(607,45): error TS17004: Cannot use JSX unless the '--jsx' flag is provided.
app/admin/page.tsx(608,49): error TS17004: Cannot use JSX unless the '--jsx' flag is provided.
app/admin/page.tsx(613,37): error TS17004: Cannot use JSX unless the '--jsx' flag is provided.
app/admin/page.tsx(614,41): error TS17004: Cannot use JSX unless the '--jsx' flag is provided.
app/admin/page.tsx(621,53): error TS17004: Cannot use JSX unless the '--jsx' flag is provided.
app/admin/page.tsx(622,57): error TS17004: Cannot use JSX unless the '--jsx' flag is provided.
app/admin/page.tsx(624,61): error TS17004: Cannot use JSX unless the '--jsx' flag is provided.
app/admin/page.tsx(629,61): error TS17004: Cannot use JSX unless the '--jsx' flag is provided.
app/admin/page.tsx(633,65): error TS17004: Cannot use JSX unless the '--jsx' flag is provided.
app/admin/page.tsx(638,57): error TS17004: Cannot use JSX unless the '--jsx' flag is provided.
app/admin/page.tsx(645,41): error TS17004: Cannot use JSX unless the '--jsx' flag is provided.
app/admin/page.tsx(646,45): error TS17004: Cannot use JSX unless the '--jsx' flag is provided.
app/admin/page.tsx(647,49): error TS17004: Cannot use JSX unless the '--jsx' flag is provided.
app/admin/page.tsx(648,53): error TS17004: Cannot use JSX unless the '--jsx' flag is provided.
app/admin/page.tsx(649,57): error TS17004: Cannot use JSX unless the '--jsx' flag is provided.
app/admin/page.tsx(650,57): error TS17004: Cannot use JSX unless the '--jsx' flag is provided.
app/admin/page.tsx(654,49): error TS17004: Cannot use JSX unless the '--jsx' flag is provided.
app/admin/page.tsx(669,49): error TS17004: Cannot use JSX unless the '--jsx' flag is provided.
app/admin/page.tsx(694,53): error TS17004: Cannot use JSX unless the '--jsx' flag is provided.
app/admin/page.tsx(714,29): error TS17004: Cannot use JSX unless the '--jsx' flag is provided.
app/admin/page.tsx(720,33): error TS17004: Cannot use JSX unless the '--jsx' flag is provided.
app/admin/page.tsx(721,37): error TS17004: Cannot use JSX unless the '--jsx' flag is provided.
app/admin/page.tsx(722,37): error TS17004: Cannot use JSX unless the '--jsx' flag is provided.
app/admin/page.tsx(725,33): error TS17004: Cannot use JSX unless the '--jsx' flag is provided.
app/admin/page.tsx(726,37): error TS17004: Cannot use JSX unless the '--jsx' flag is provided.
app/admin/page.tsx(727,41): error TS17004: Cannot use JSX unless the '--jsx' flag is provided.
app/admin/page.tsx(728,45): error TS17004: Cannot use JSX unless the '--jsx' flag is provided.
app/admin/page.tsx(728,102): error TS17004: Cannot use JSX unless the '--jsx' flag is provided.
app/admin/page.tsx(729,45): error TS17004: Cannot use JSX unless the '--jsx' flag is provided.
app/admin/page.tsx(729,120): error TS17004: Cannot use JSX unless the '--jsx' flag is provided.
app/admin/page.tsx(731,41): error TS17004: Cannot use JSX unless the '--jsx' flag is provided.
app/admin/page.tsx(732,41): error TS17004: Cannot use JSX unless the '--jsx' flag is provided.
app/admin/page.tsx(734,37): error TS17004: Cannot use JSX unless the '--jsx' flag is provided.
app/admin/page.tsx(735,41): error TS17004: Cannot use JSX unless the '--jsx' flag is provided.
app/admin/page.tsx(736,45): error TS17004: Cannot use JSX unless the '--jsx' flag is provided.
app/admin/page.tsx(736,106): error TS17004: Cannot use JSX unless the '--jsx' flag is provided.
app/admin/page.tsx(737,45): error TS17004: Cannot use JSX unless the '--jsx' flag is provided.
app/admin/page.tsx(737,118): error TS17004: Cannot use JSX unless the '--jsx' flag is provided.
app/admin/page.tsx(739,41): error TS17004: Cannot use JSX unless the '--jsx' flag is provided.
app/admin/page.tsx(740,41): error TS17004: Cannot use JSX unless the '--jsx' flag is provided.
app/admin/page.tsx(742,37): error TS17004: Cannot use JSX unless the '--jsx' flag is provided.
app/admin/page.tsx(743,41): error TS17004: Cannot use JSX unless the '--jsx' flag is provided.
app/admin/page.tsx(744,45): error TS17004: Cannot use JSX unless the '--jsx' flag is provided.
app/admin/page.tsx(744,104): error TS17004: Cannot use JSX unless the '--jsx' flag is provided.
app/admin/page.tsx(745,45): error TS17004: Cannot use JSX unless the '--jsx' flag is provided.
app/admin/page.tsx(745,120): error TS17004: Cannot use JSX unless the '--jsx' flag is provided.
app/admin/page.tsx(747,41): error TS17004: Cannot use JSX unless the '--jsx' flag is provided.
app/admin/page.tsx(748,41): error TS17004: Cannot use JSX unless the '--jsx' flag is provided.
app/admin/page.tsx(750,37): error TS17004: Cannot use JSX unless the '--jsx' flag is provided.
app/admin/page.tsx(751,41): error TS17004: Cannot use JSX unless the '--jsx' flag is provided.
app/admin/page.tsx(752,45): error TS17004: Cannot use JSX unless the '--jsx' flag is provided.
app/admin/page.tsx(753,45): error TS17004: Cannot use JSX unless the '--jsx' flag is provided.
app/admin/page.tsx(753,120): error TS17004: Cannot use JSX unless the '--jsx' flag is provided.
app/admin/page.tsx(755,41): error TS17004: Cannot use JSX unless the '--jsx' flag is provided.
app/admin/page.tsx(756,41): error TS17004: Cannot use JSX unless the '--jsx' flag is provided.
app/admin/page.tsx(759,33): error TS17004: Cannot use JSX unless the '--jsx' flag is provided.
app/admin/page.tsx(760,37): error TS17004: Cannot use JSX unless the '--jsx' flag is provided.
app/admin/page.tsx(761,41): error TS17004: Cannot use JSX unless the '--jsx' flag is provided.
app/admin/page.tsx(762,45): error TS17004: Cannot use JSX unless the '--jsx' flag is provided.
app/admin/page.tsx(763,49): error TS17004: Cannot use JSX unless the '--jsx' flag is provided.
app/admin/page.tsx(764,49): error TS17004: Cannot use JSX unless the '--jsx' flag is provided.
app/admin/page.tsx(765,49): error TS17004: Cannot use JSX unless the '--jsx' flag is provided.
app/admin/page.tsx(766,49): error TS17004: Cannot use JSX unless the '--jsx' flag is provided.
app/admin/page.tsx(767,49): error TS17004: Cannot use JSX unless the '--jsx' flag is provided.
app/admin/page.tsx(768,49): error TS17004: Cannot use JSX unless the '--jsx' flag is provided.
app/admin/page.tsx(769,49): error TS17004: Cannot use JSX unless the '--jsx' flag is provided.
app/admin/page.tsx(772,41): error TS17004: Cannot use JSX unless the '--jsx' flag is provided.
app/admin/page.tsx(774,49): error TS17004: Cannot use JSX unless the '--jsx' flag is provided.
app/admin/page.tsx(775,53): error TS17004: Cannot use JSX unless the '--jsx' flag is provided.
app/admin/page.tsx(776,53): error TS17004: Cannot use JSX unless the '--jsx' flag is provided.
app/admin/page.tsx(777,57): error TS17004: Cannot use JSX unless the '--jsx' flag is provided.
app/admin/page.tsx(778,61): error TS17004: Cannot use JSX unless the '--jsx' flag is provided.
app/admin/page.tsx(781,61): error TS17004: Cannot use JSX unless the '--jsx' flag is provided.
app/admin/page.tsx(784,53): error TS17004: Cannot use JSX unless the '--jsx' flag is provided.
app/admin/page.tsx(785,53): error TS17004: Cannot use JSX unless the '--jsx' flag is provided.
app/admin/page.tsx(786,53): error TS17004: Cannot use JSX unless the '--jsx' flag is provided.
app/admin/page.tsx(787,57): error TS17004: Cannot use JSX unless the '--jsx' flag is provided.
app/admin/page.tsx(795,53): error TS17004: Cannot use JSX unless the '--jsx' flag is provided.
app/admin/page.tsx(796,53): error TS17004: Cannot use JSX unless the '--jsx' flag is provided.
app/admin/page.tsx(797,57): error TS17004: Cannot use JSX unless the '--jsx' flag is provided.
app/admin/page.tsx(799,65): error TS17004: Cannot use JSX unless the '--jsx' flag is provided.
app/admin/page.tsx(800,69): error TS17004: Cannot use JSX unless the '--jsx' flag is provided.
app/admin/page.tsx(805,73): error TS17004: Cannot use JSX unless the '--jsx' flag is provided.
app/admin/page.tsx(807,69): error TS17004: Cannot use JSX unless the '--jsx' flag is provided.
app/admin/page.tsx(807,166): error TS17004: Cannot use JSX unless the '--jsx' flag is provided.
app/admin/page.tsx(811,65): error TS17004: Cannot use JSX unless the '--jsx' flag is provided.
app/admin/page.tsx(811,162): error TS17004: Cannot use JSX unless the '--jsx' flag is provided.
app/admin/page.tsx(813,61): error TS17004: Cannot use JSX unless the '--jsx' flag is provided.
app/admin/page.tsx(818,65): error TS17004: Cannot use JSX unless the '--jsx' flag is provided.
app/admin/page.tsx(820,61): error TS17004: Cannot use JSX unless the '--jsx' flag is provided.
app/admin/page.tsx(821,65): error TS17004: Cannot use JSX unless the '--jsx' flag is provided.
app/admin/page.tsx(825,69): error TS17004: Cannot use JSX unless the '--jsx' flag is provided.
app/admin/page.tsx(827,65): error TS17004: Cannot use JSX unless the '--jsx' flag is provided.
app/admin/page.tsx(829,73): error TS17004: Cannot use JSX unless the '--jsx' flag is provided.
app/admin/page.tsx(835,77): error TS17004: Cannot use JSX unless the '--jsx' flag is provided.
app/admin/page.tsx(837,85): error TS17004: Cannot use JSX unless the '--jsx' flag is provided.
app/admin/page.tsx(838,89): error TS17004: Cannot use JSX unless the '--jsx' flag is provided.
app/admin/page.tsx(842,85): error TS17004: Cannot use JSX unless the '--jsx' flag is provided.
app/admin/page.tsx(843,89): error TS17004: Cannot use JSX unless the '--jsx' flag is provided.
app/admin/page.tsx(847,85): error TS17004: Cannot use JSX unless the '--jsx' flag is provided.
app/admin/page.tsx(848,89): error TS17004: Cannot use JSX unless the '--jsx' flag is provided.
app/admin/page.tsx(851,81): error TS17004: Cannot use JSX unless the '--jsx' flag is provided.
app/admin/page.tsx(852,85): error TS17004: Cannot use JSX unless the '--jsx' flag is provided.
app/admin/page.tsx(871,29): error TS17004: Cannot use JSX unless the '--jsx' flag is provided.
app/admin/page.tsx(877,33): error TS17004: Cannot use JSX unless the '--jsx' flag is provided.
app/admin/page.tsx(878,37): error TS17004: Cannot use JSX unless the '--jsx' flag is provided.
app/admin/page.tsx(879,37): error TS17004: Cannot use JSX unless the '--jsx' flag is provided.
app/admin/page.tsx(883,41): error TS17004: Cannot use JSX unless the '--jsx' flag is provided.
app/admin/page.tsx(887,33): error TS17004: Cannot use JSX unless the '--jsx' flag is provided.
app/admin/page.tsx(888,37): error TS17004: Cannot use JSX unless the '--jsx' flag is provided.
app/admin/page.tsx(889,41): error TS17004: Cannot use JSX unless the '--jsx' flag is provided.
app/admin/page.tsx(890,45): error TS17004: Cannot use JSX unless the '--jsx' flag is provided.
app/admin/page.tsx(891,49): error TS17004: Cannot use JSX unless the '--jsx' flag is provided.
app/admin/page.tsx(892,49): error TS17004: Cannot use JSX unless the '--jsx' flag is provided.
app/admin/page.tsx(893,49): error TS17004: Cannot use JSX unless the '--jsx' flag is provided.
app/admin/page.tsx(894,49): error TS17004: Cannot use JSX unless the '--jsx' flag is provided.
app/admin/page.tsx(895,49): error TS17004: Cannot use JSX unless the '--jsx' flag is provided.
app/admin/page.tsx(896,49): error TS17004: Cannot use JSX unless the '--jsx' flag is provided.
app/admin/page.tsx(897,49): error TS17004: Cannot use JSX unless the '--jsx' flag is provided.
app/admin/page.tsx(900,41): error TS17004: Cannot use JSX unless the '--jsx' flag is provided.
app/admin/page.tsx(902,49): error TS17004: Cannot use JSX unless the '--jsx' flag is provided.
app/admin/page.tsx(903,53): error TS17004: Cannot use JSX unless the '--jsx' flag is provided.
app/admin/page.tsx(904,57): error TS17004: Cannot use JSX unless the '--jsx' flag is provided.
app/admin/page.tsx(905,61): error TS17004: Cannot use JSX unless the '--jsx' flag is provided.
app/admin/page.tsx(908,53): error TS17004: Cannot use JSX unless the '--jsx' flag is provided.
app/admin/page.tsx(909,53): error TS17004: Cannot use JSX unless the '--jsx' flag is provided.
app/admin/page.tsx(910,53): error TS17004: Cannot use JSX unless the '--jsx' flag is provided.
app/admin/page.tsx(911,53): error TS17004: Cannot use JSX unless the '--jsx' flag is provided.
app/admin/page.tsx(912,57): error TS17004: Cannot use JSX unless the '--jsx' flag is provided.
app/admin/page.tsx(914,65): error TS17004: Cannot use JSX unless the '--jsx' flag is provided.
app/admin/page.tsx(918,53): error TS17004: Cannot use JSX unless the '--jsx' flag is provided.
app/admin/page.tsx(919,57): error TS17004: Cannot use JSX unless the '--jsx' flag is provided.
app/admin/page.tsx(921,53): error TS17004: Cannot use JSX unless the '--jsx' flag is provided.
app/admin/page.tsx(922,57): error TS17004: Cannot use JSX unless the '--jsx' flag is provided.
app/admin/page.tsx(923,61): error TS17004: Cannot use JSX unless the '--jsx' flag is provided.
app/admin/page.tsx(923,188): error TS17004: Cannot use JSX unless the '--jsx' flag is provided.
app/admin/page.tsx(924,61): error TS17004: Cannot use JSX unless the '--jsx' flag is provided.
app/admin/page.tsx(924,192): error TS17004: Cannot use JSX unless the '--jsx' flag is provided.
app/admin/page.tsx(937,29): error TS17004: Cannot use JSX unless the '--jsx' flag is provided.
app/admin/page.tsx(942,33): error TS17004: Cannot use JSX unless the '--jsx' flag is provided.
app/admin/page.tsx(943,37): error TS17004: Cannot use JSX unless the '--jsx' flag is provided.
app/admin/page.tsx(944,41): error TS17004: Cannot use JSX unless the '--jsx' flag is provided.
app/admin/page.tsx(946,37): error TS17004: Cannot use JSX unless the '--jsx' flag is provided.
app/admin/page.tsx(948,45): error TS17004: Cannot use JSX unless the '--jsx' flag is provided.
app/admin/page.tsx(950,45): error TS17004: Cannot use JSX unless the '--jsx' flag is provided.
app/admin/page.tsx(955,49): error TS17004: Cannot use JSX unless the '--jsx' flag is provided.
app/admin/page.tsx(956,53): error TS17004: Cannot use JSX unless the '--jsx' flag is provided.
app/admin/page.tsx(957,69): error TS17004: Cannot use JSX unless the '--jsx' flag is provided.
app/admin/page.tsx(959,49): error TS17004: Cannot use JSX unless the '--jsx' flag is provided.
app/admin/page.tsx(960,53): error TS17004: Cannot use JSX unless the '--jsx' flag is provided.
app/admin/page.tsx(961,57): error TS17004: Cannot use JSX unless the '--jsx' flag is provided.
app/admin/page.tsx(962,57): error TS17004: Cannot use JSX unless the '--jsx' flag is provided.
app/admin/page.tsx(964,53): error TS17004: Cannot use JSX unless the '--jsx' flag is provided.
app/admin/page.tsx(973,33): error TS17004: Cannot use JSX unless the '--jsx' flag is provided.
app/admin/page.tsx(975,41): error TS17004: Cannot use JSX unless the '--jsx' flag is provided.
app/admin/page.tsx(976,45): error TS17004: Cannot use JSX unless the '--jsx' flag is provided.
app/admin/page.tsx(977,49): error TS17004: Cannot use JSX unless the '--jsx' flag is provided.
app/admin/page.tsx(978,53): error TS17004: Cannot use JSX unless the '--jsx' flag is provided.
app/admin/page.tsx(979,57): error TS17004: Cannot use JSX unless the '--jsx' flag is provided.
app/admin/page.tsx(980,57): error TS17004: Cannot use JSX unless the '--jsx' flag is provided.
app/admin/page.tsx(982,53): error TS17004: Cannot use JSX unless the '--jsx' flag is provided.
app/admin/page.tsx(983,57): error TS17004: Cannot use JSX unless the '--jsx' flag is provided.
app/admin/page.tsx(984,57): error TS17004: Cannot use JSX unless the '--jsx' flag is provided.
app/admin/page.tsx(988,45): error TS17004: Cannot use JSX unless the '--jsx' flag is provided.
app/admin/page.tsx(992,57): error TS17004: Cannot use JSX unless the '--jsx' flag is provided.
app/admin/page.tsx(994,65): error TS17004: Cannot use JSX unless the '--jsx' flag is provided.
app/admin/page.tsx(995,69): error TS17004: Cannot use JSX unless the '--jsx' flag is provided.
app/admin/page.tsx(998,61): error TS17004: Cannot use JSX unless the '--jsx' flag is provided.
app/admin/page.tsx(1000,69): error TS17004: Cannot use JSX unless the '--jsx' flag is provided.
app/admin/page.tsx(1001,73): error TS17004: Cannot use JSX unless the '--jsx' flag is provided.
app/admin/page.tsx(1004,69): error TS17004: Cannot use JSX unless the '--jsx' flag is provided.
app/admin/page.tsx(1006,65): error TS17004: Cannot use JSX unless the '--jsx' flag is provided.
app/admin/page.tsx(1011,65): error TS17004: Cannot use JSX unless the '--jsx' flag is provided.
app/admin/page.tsx(1016,49): error TS17004: Cannot use JSX unless the '--jsx' flag is provided.
app/admin/page.tsx(1018,45): error TS17004: Cannot use JSX unless the '--jsx' flag is provided.
app/admin/page.tsx(1019,49): error TS17004: Cannot use JSX unless the '--jsx' flag is provided.
app/admin/page.tsx(1020,53): error TS17004: Cannot use JSX unless the '--jsx' flag is provided.
app/admin/page.tsx(1027,53): error TS17004: Cannot use JSX unless the '--jsx' flag is provided.
app/admin/page.tsx(1032,57): error TS17004: Cannot use JSX unless the '--jsx' flag is provided.
app/admin/page.tsx(1034,53): error TS17004: Cannot use JSX unless the '--jsx' flag is provided.
app/admin/page.tsx(1035,57): error TS17004: Cannot use JSX unless the '--jsx' flag is provided.
app/admin/page.tsx(1043,57): error TS17004: Cannot use JSX unless the '--jsx' flag is provided.
app/admin/page.tsx(1047,61): error TS17004: Cannot use JSX unless the '--jsx' flag is provided.
app/admin/page.tsx(1054,41): error TS17004: Cannot use JSX unless the '--jsx' flag is provided.
app/admin/page.tsx(1055,45): error TS17004: Cannot use JSX unless the '--jsx' flag is provided.
app/admin/page.tsx(1056,45): error TS17004: Cannot use JSX unless the '--jsx' flag is provided.
app/admin/page.tsx(1065,29): error TS17004: Cannot use JSX unless the '--jsx' flag is provided.
app/admin/page.tsx(1071,33): error TS17004: Cannot use JSX unless the '--jsx' flag is provided.
app/admin/page.tsx(1073,33): error TS17004: Cannot use JSX unless the '--jsx' flag is provided.
app/admin/page.tsx(1074,37): error TS17004: Cannot use JSX unless the '--jsx' flag is provided.
app/admin/page.tsx(1075,41): error TS17004: Cannot use JSX unless the '--jsx' flag is provided.
app/admin/page.tsx(1076,41): error TS17004: Cannot use JSX unless the '--jsx' flag is provided.
app/admin/page.tsx(1078,37): error TS17004: Cannot use JSX unless the '--jsx' flag is provided.
app/admin/page.tsx(1079,41): error TS17004: Cannot use JSX unless the '--jsx' flag is provided.
app/admin/page.tsx(1080,41): error TS17004: Cannot use JSX unless the '--jsx' flag is provided.
app/admin/page.tsx(1081,48): error TS17004: Cannot use JSX unless the '--jsx' flag is provided.
app/admin/page.tsx(1084,37): error TS17004: Cannot use JSX unless the '--jsx' flag is provided.
app/admin/page.tsx(1085,41): error TS17004: Cannot use JSX unless the '--jsx' flag is provided.
app/admin/page.tsx(1086,41): error TS17004: Cannot use JSX unless the '--jsx' flag is provided.
app/admin/page.tsx(1090,33): error TS17004: Cannot use JSX unless the '--jsx' flag is provided.
app/admin/page.tsx(1091,37): error TS17004: Cannot use JSX unless the '--jsx' flag is provided.
app/admin/page.tsx(1092,41): error TS17004: Cannot use JSX unless the '--jsx' flag is provided.
app/admin/page.tsx(1093,45): error TS17004: Cannot use JSX unless the '--jsx' flag is provided.
app/admin/page.tsx(1094,49): error TS17004: Cannot use JSX unless the '--jsx' flag is provided.
app/admin/page.tsx(1095,49): error TS17004: Cannot use JSX unless the '--jsx' flag is provided.
app/admin/page.tsx(1096,49): error TS17004: Cannot use JSX unless the '--jsx' flag is provided.
app/admin/page.tsx(1097,49): error TS17004: Cannot use JSX unless the '--jsx' flag is provided.
app/admin/page.tsx(1098,49): error TS17004: Cannot use JSX unless the '--jsx' flag is provided.
app/admin/page.tsx(1099,49): error TS17004: Cannot use JSX unless the '--jsx' flag is provided.
app/admin/page.tsx(1100,49): error TS17004: Cannot use JSX unless the '--jsx' flag is provided.
app/admin/page.tsx(1103,41): error TS17004: Cannot use JSX unless the '--jsx' flag is provided.
app/admin/page.tsx(1105,49): error TS17004: Cannot use JSX unless the '--jsx' flag is provided.
app/admin/page.tsx(1106,53): error TS17004: Cannot use JSX unless the '--jsx' flag is provided.
app/admin/page.tsx(1107,57): error TS17004: Cannot use JSX unless the '--jsx' flag is provided.
app/admin/page.tsx(1108,61): error TS17004: Cannot use JSX unless the '--jsx' flag is provided.
app/admin/page.tsx(1111,61): error TS17004: Cannot use JSX unless the '--jsx' flag is provided.
app/admin/page.tsx(1114,53): error TS17004: Cannot use JSX unless the '--jsx' flag is provided.
app/admin/page.tsx(1115,53): error TS17004: Cannot use JSX unless the '--jsx' flag is provided.
app/admin/page.tsx(1116,53): error TS17004: Cannot use JSX unless the '--jsx' flag is provided.
app/admin/page.tsx(1117,53): error TS17004: Cannot use JSX unless the '--jsx' flag is provided.
app/admin/page.tsx(1118,57): error TS17004: Cannot use JSX unless the '--jsx' flag is provided.
app/admin/page.tsx(1122,53): error TS17004: Cannot use JSX unless the '--jsx' flag is provided.
app/admin/page.tsx(1123,53): error TS17004: Cannot use JSX unless the '--jsx' flag is provided.
app/admin/page.tsx(1124,57): error TS17004: Cannot use JSX unless the '--jsx' flag is provided.
app/admin/page.tsx(1125,61): error TS17004: Cannot use JSX unless the '--jsx' flag is provided.
app/admin/page.tsx(1138,29): error TS17004: Cannot use JSX unless the '--jsx' flag is provided.
app/admin/page.tsx(1144,33): error TS17004: Cannot use JSX unless the '--jsx' flag is provided.
app/admin/page.tsx(1145,37): error TS17004: Cannot use JSX unless the '--jsx' flag is provided.
app/admin/page.tsx(1146,37): error TS17004: Cannot use JSX unless the '--jsx' flag is provided.
app/admin/page.tsx(1147,41): error TS17004: Cannot use JSX unless the '--jsx' flag is provided.
app/admin/page.tsx(1148,45): error TS17004: Cannot use JSX unless the '--jsx' flag is provided.
app/admin/page.tsx(1153,33): error TS17004: Cannot use JSX unless the '--jsx' flag is provided.
app/admin/page.tsx(1155,41): error TS17004: Cannot use JSX unless the '--jsx' flag is provided.
app/admin/page.tsx(1156,45): error TS17004: Cannot use JSX unless the '--jsx' flag is provided.
app/admin/page.tsx(1157,45): error TS17004: Cannot use JSX unless the '--jsx' flag is provided.
app/admin/page.tsx(1160,41): error TS17004: Cannot use JSX unless the '--jsx' flag is provided.
app/admin/page.tsx(1161,45): error TS17004: Cannot use JSX unless the '--jsx' flag is provided.
app/admin/page.tsx(1162,49): error TS17004: Cannot use JSX unless the '--jsx' flag is provided.
app/admin/page.tsx(1164,45): error TS17004: Cannot use JSX unless the '--jsx' flag is provided.
app/admin/page.tsx(1165,45): error TS17004: Cannot use JSX unless the '--jsx' flag is provided.
app/admin/page.tsx(1168,41): error TS17004: Cannot use JSX unless the '--jsx' flag is provided.
app/admin/page.tsx(1169,45): error TS17004: Cannot use JSX unless the '--jsx' flag is provided.
app/admin/page.tsx(1170,49): error TS17004: Cannot use JSX unless the '--jsx' flag is provided.
app/admin/page.tsx(1171,53): error TS17004: Cannot use JSX unless the '--jsx' flag is provided.
app/admin/page.tsx(1172,53): error TS17004: Cannot use JSX unless the '--jsx' flag is provided.
app/admin/page.tsx(1173,53): error TS17004: Cannot use JSX unless the '--jsx' flag is provided.
app/admin/page.tsx(1174,53): error TS17004: Cannot use JSX unless the '--jsx' flag is provided.
app/admin/page.tsx(1177,45): error TS17004: Cannot use JSX unless the '--jsx' flag is provided.
app/admin/page.tsx(1179,53): error TS17004: Cannot use JSX unless the '--jsx' flag is provided.
app/admin/page.tsx(1180,57): error TS17004: Cannot use JSX unless the '--jsx' flag is provided.
app/admin/page.tsx(1181,57): error TS17004: Cannot use JSX unless the '--jsx' flag is provided.
app/admin/page.tsx(1182,57): error TS17004: Cannot use JSX unless the '--jsx' flag is provided.
app/admin/page.tsx(1183,57): error TS17004: Cannot use JSX unless the '--jsx' flag is provided.
app/admin/page.tsx(1184,61): error TS17004: Cannot use JSX unless the '--jsx' flag is provided.
app/admin/page.tsx(1185,65): error TS17004: Cannot use JSX unless the '--jsx' flag is provided.
app/admin/page.tsx(1189,69): error TS17004: Cannot use JSX unless the '--jsx' flag is provided.
app/admin/page.tsx(1191,65): error TS17004: Cannot use JSX unless the '--jsx' flag is provided.
app/admin/page.tsx(1210,29): error TS17004: Cannot use JSX unless the '--jsx' flag is provided.
app/admin/page.tsx(1216,33): error TS17004: Cannot use JSX unless the '--jsx' flag is provided.
app/admin/page.tsx(1217,37): error TS17004: Cannot use JSX unless the '--jsx' flag is provided.
app/admin/page.tsx(1218,37): error TS17004: Cannot use JSX unless the '--jsx' flag is provided.
app/admin/page.tsx(1221,33): error TS17004: Cannot use JSX unless the '--jsx' flag is provided.
app/admin/page.tsx(1223,37): error TS17004: Cannot use JSX unless the '--jsx' flag is provided.
app/admin/page.tsx(1224,41): error TS17004: Cannot use JSX unless the '--jsx' flag is provided.
app/admin/page.tsx(1225,45): error TS17004: Cannot use JSX unless the '--jsx' flag is provided.
app/admin/page.tsx(1228,45): error TS17004: Cannot use JSX unless the '--jsx' flag is provided.
app/admin/page.tsx(1229,49): error TS17004: Cannot use JSX unless the '--jsx' flag is provided.
app/admin/page.tsx(1230,49): error TS17004: Cannot use JSX unless the '--jsx' flag is provided.
app/admin/page.tsx(1231,49): error TS17004: Cannot use JSX unless the '--jsx' flag is provided.
app/admin/page.tsx(1239,37): error TS17004: Cannot use JSX unless the '--jsx' flag is provided.
app/admin/page.tsx(1240,41): error TS17004: Cannot use JSX unless the '--jsx' flag is provided.
app/admin/page.tsx(1241,41): error TS17004: Cannot use JSX unless the '--jsx' flag is provided.
app/admin/page.tsx(1245,41): error TS17004: Cannot use JSX unless the '--jsx' flag is provided.
app/admin/page.tsx(1245,42): error TS2304: Cannot find name 'Link'.
app/admin/page.tsx(1249,45): error TS17004: Cannot use JSX unless the '--jsx' flag is provided.
app/admin/page.tsx(1250,43): error TS2304: Cannot find name 'Link'.
app/admin/page.tsx(1254,37): error TS17004: Cannot use JSX unless the '--jsx' flag is provided.
app/admin/page.tsx(1255,41): error TS17004: Cannot use JSX unless the '--jsx' flag is provided.
app/admin/page.tsx(1256,45): error TS17004: Cannot use JSX unless the '--jsx' flag is provided.
app/admin/page.tsx(1257,45): error TS17004: Cannot use JSX unless the '--jsx' flag is provided.
app/admin/page.tsx(1269,13): error TS17004: Cannot use JSX unless the '--jsx' flag is provided.
app/admin/page.tsx(1271,21): error TS17004: Cannot use JSX unless the '--jsx' flag is provided.
app/admin/page.tsx(1272,25): error TS17004: Cannot use JSX unless the '--jsx' flag is provided.
app/admin/page.tsx(1277,25): error TS17004: Cannot use JSX unless the '--jsx' flag is provided.
app/admin/page.tsx(1281,29): error TS17004: Cannot use JSX unless the '--jsx' flag is provided.
app/admin/page.tsx(1282,33): error TS17004: Cannot use JSX unless the '--jsx' flag is provided.
app/admin/page.tsx(1283,33): error TS17004: Cannot use JSX unless the '--jsx' flag is provided.
app/admin/page.tsx(1283,86): error TS17004: Cannot use JSX unless the '--jsx' flag is provided.
app/admin/page.tsx(1285,29): error TS17004: Cannot use JSX unless the '--jsx' flag is provided.
app/admin/page.tsx(1286,33): error TS17004: Cannot use JSX unless the '--jsx' flag is provided.
app/admin/page.tsx(1287,37): error TS17004: Cannot use JSX unless the '--jsx' flag is provided.
app/admin/page.tsx(1288,41): error TS17004: Cannot use JSX unless the '--jsx' flag is provided.
app/admin/page.tsx(1289,41): error TS17004: Cannot use JSX unless the '--jsx' flag is provided.
app/admin/page.tsx(1298,37): error TS17004: Cannot use JSX unless the '--jsx' flag is provided.
app/admin/page.tsx(1299,41): error TS17004: Cannot use JSX unless the '--jsx' flag is provided.
app/admin/page.tsx(1300,41): error TS17004: Cannot use JSX unless the '--jsx' flag is provided.
app/admin/page.tsx(1301,45): error TS17004: Cannot use JSX unless the '--jsx' flag is provided.
app/admin/page.tsx(1308,45): error TS17004: Cannot use JSX unless the '--jsx' flag is provided.
app/admin/page.tsx(1313,53): error TS17004: Cannot use JSX unless the '--jsx' flag is provided.
app/admin/page.tsx(1315,53): error TS17004: Cannot use JSX unless the '--jsx' flag is provided.
app/admin/page.tsx(1321,33): error TS17004: Cannot use JSX unless the '--jsx' flag is provided.
app/admin/page.tsx(1322,37): error TS17004: Cannot use JSX unless the '--jsx' flag is provided.
app/admin/page.tsx(1323,41): error TS17004: Cannot use JSX unless the '--jsx' flag is provided.
app/admin/page.tsx(1324,41): error TS17004: Cannot use JSX unless the '--jsx' flag is provided.
app/admin/page.tsx(1333,37): error TS17004: Cannot use JSX unless the '--jsx' flag is provided.
app/admin/page.tsx(1334,41): error TS17004: Cannot use JSX unless the '--jsx' flag is provided.
app/admin/page.tsx(1335,41): error TS17004: Cannot use JSX unless the '--jsx' flag is provided.
app/admin/page.tsx(1345,33): error TS17004: Cannot use JSX unless the '--jsx' flag is provided.
app/admin/page.tsx(1346,37): error TS17004: Cannot use JSX unless the '--jsx' flag is provided.
app/admin/page.tsx(1347,37): error TS17004: Cannot use JSX unless the '--jsx' flag is provided.
app/admin/page.tsx(1355,37): error TS17004: Cannot use JSX unless the '--jsx' flag is provided.
app/admin/page.tsx(1357,45): error TS17004: Cannot use JSX unless the '--jsx' flag is provided.
app/admin/page.tsx(1361,33): error TS17004: Cannot use JSX unless the '--jsx' flag is provided.
app/admin/page.tsx(1362,37): error TS17004: Cannot use JSX unless the '--jsx' flag is provided.
app/admin/page.tsx(1363,37): error TS17004: Cannot use JSX unless the '--jsx' flag is provided.
app/admin/page.tsx(1364,41): error TS17004: Cannot use JSX unless the '--jsx' flag is provided.
app/admin/page.tsx(1372,41): error TS17004: Cannot use JSX unless the '--jsx' flag is provided.
app/admin/page.tsx(1373,45): error TS17004: Cannot use JSX unless the '--jsx' flag is provided.
app/admin/page.tsx(1383,45): error TS17004: Cannot use JSX unless the '--jsx' flag is provided.
app/admin/page.tsx(1388,37): error TS17004: Cannot use JSX unless the '--jsx' flag is provided.
app/admin/page.tsx(1391,33): error TS17004: Cannot use JSX unless the '--jsx' flag is provided.
app/admin/page.tsx(1392,37): error TS17004: Cannot use JSX unless the '--jsx' flag is provided.
app/admin/page.tsx(1393,37): error TS17004: Cannot use JSX unless the '--jsx' flag is provided.
app/admin/page.tsx(1394,41): error TS17004: Cannot use JSX unless the '--jsx' flag is provided.
app/admin/page.tsx(1404,13): error TS17004: Cannot use JSX unless the '--jsx' flag is provided.
app/admin/page.tsx(1406,21): error TS17004: Cannot use JSX unless the '--jsx' flag is provided.
app/admin/page.tsx(1407,25): error TS17004: Cannot use JSX unless the '--jsx' flag is provided.
app/admin/page.tsx(1414,25): error TS17004: Cannot use JSX unless the '--jsx' flag is provided.
app/admin/page.tsx(1420,29): error TS17004: Cannot use JSX unless the '--jsx' flag is provided.
app/admin/page.tsx(1421,33): error TS17004: Cannot use JSX unless the '--jsx' flag is provided.
app/admin/page.tsx(1423,29): error TS17004: Cannot use JSX unless the '--jsx' flag is provided.
app/admin/page.tsx(1424,29): error TS17004: Cannot use JSX unless the '--jsx' flag is provided.
app/admin/page.tsx(1427,29): error TS17004: Cannot use JSX unless the '--jsx' flag is provided.
app/admin/page.tsx(1428,33): error TS17004: Cannot use JSX unless the '--jsx' flag is provided.
app/admin/page.tsx(1434,33): error TS17004: Cannot use JSX unless the '--jsx' flag is provided.
app/admin/page.tsx(1446,13): error TS17004: Cannot use JSX unless the '--jsx' flag is provided.
app/admin/page.tsx(1448,21): error TS17004: Cannot use JSX unless the '--jsx' flag is provided.
node_modules/next-auth/adapters.d.ts(2,47): error TS2307: Cannot find module '@auth/core/adapters' or its corresponding type declarations.
node_modules/next-auth/core/lib/cookie.d.ts(31,5): error TS18028: Private identifiers are only available when targeting ECMAScript 2015 and higher.
node_modules/next-auth/react/index.d.ts(86,71): error TS2503: Cannot find namespace 'JSX'.
node_modules/next/dist/build/webpack/loaders/next-app-loader/index.d.ts(1,13): error TS2613: Module '"next/dist/compiled/webpack/webpack"' has no default export. Did you mean to use 'import { webpack } from "next/dist/compiled/webpack/webpack"' instead?
node_modules/next/dist/client/components/error-boundary.d.ts(1,8): error TS1259: Module '"C:/Users/charl/Clothing Web/node_modules/@types/react/index"' can only be default-imported using the 'esModuleInterop' flag
node_modules/next/dist/client/components/http-access-fallback/error-boundary.d.ts(11,8): error TS1259: Module '"C:/Users/charl/Clothing Web/node_modules/@types/react/index"' can only be default-imported using the 'esModuleInterop' flag
node_modules/next/dist/client/components/layout-router.d.ts(2,8): error TS1259: Module '"C:/Users/charl/Clothing Web/node_modules/@types/react/index"' can only be default-imported using the 'esModuleInterop' flag
node_modules/next/dist/client/image-component.d.ts(1,8): error TS1259: Module '"C:/Users/charl/Clothing Web/node_modules/@types/react/index"' can only be default-imported using the 'esModuleInterop' flag
node_modules/next/dist/client/link.d.ts(1,8): error TS1259: Module '"C:/Users/charl/Clothing Web/node_modules/@types/react/index"' can only be default-imported using the 'esModuleInterop' flag
node_modules/next/dist/client/script.d.ts(1,8): error TS1259: Module '"C:/Users/charl/Clothing Web/node_modules/@types/react/index"' can only be default-imported using the 'esModuleInterop' flag
node_modules/next/dist/client/with-router.d.ts(1,8): error TS1259: Module '"C:/Users/charl/Clothing Web/node_modules/@types/react/index"' can only be default-imported using the 'esModuleInterop' flag
node_modules/next/dist/lib/metadata/metadata.d.ts(1,8): error TS1259: Module '"C:/Users/charl/Clothing Web/node_modules/@types/react/index"' can only be default-imported using the 'esModuleInterop' flag
node_modules/next/dist/next-devtools/userspace/pages/pages-dev-overlay-setup.d.ts(1,8): error TS1259: Module '"C:/Users/charl/Clothing Web/node_modules/@types/react/index"' can only be default-imported using the 'esModuleInterop' flag
node_modules/next/dist/pages/_app.d.ts(1,8): error TS1259: Module '"C:/Users/charl/Clothing Web/node_modules/@types/react/index"' can only be default-imported using the 'esModuleInterop' flag
node_modules/next/dist/pages/_document.d.ts(1,8): error TS1259: Module '"C:/Users/charl/Clothing Web/node_modules/@types/react/index"' can only be default-imported using the 'esModuleInterop' flag
node_modules/next/dist/pages/_error.d.ts(1,8): error TS1259: Module '"C:/Users/charl/Clothing Web/node_modules/@types/react/index"' can only be default-imported using the 'esModuleInterop' flag
node_modules/next/dist/server/app-render/types.d.ts(10,8): error TS1192: Module '"next/dist/compiled/superstruct"' has no default export.
node_modules/next/dist/server/web/spec-extension/adapters/headers.d.ts(39,16): error TS2304: Cannot find name 'HeadersIterator'.
node_modules/next/dist/server/web/spec-extension/adapters/headers.d.ts(40,13): error TS2304: Cannot find name 'HeadersIterator'.
node_modules/next/dist/server/web/spec-extension/adapters/headers.d.ts(41,15): error TS2304: Cannot find name 'HeadersIterator'.
node_modules/next/dist/server/web/spec-extension/adapters/headers.d.ts(42,26): error TS2304: Cannot find name 'HeadersIterator'.
node_modules/next/dist/shared/lib/app-router-context.shared-runtime.d.ts(4,8): error TS1259: Module '"C:/Users/charl/Clothing Web/node_modules/@types/react/index"' can only be default-imported using the 'esModuleInterop' flag
node_modules/next/dist/shared/lib/app-router-types.d.ts(7,13): error TS1259: Module '"C:/Users/charl/Clothing Web/node_modules/@types/react/index"' can only be default-imported using the 'esModuleInterop' flag
node_modules/next/dist/shared/lib/dynamic.d.ts(1,8): error TS1259: Module '"C:/Users/charl/Clothing Web/node_modules/@types/react/index"' can only be default-imported using the 'esModuleInterop' flag
node_modules/next/dist/shared/lib/head-manager-context.shared-runtime.d.ts(1,8): error TS1259: Module '"C:/Users/charl/Clothing Web/node_modules/@types/react/index"' can only be default-imported using the 'esModuleInterop' flag
node_modules/next/dist/shared/lib/head.d.ts(1,8): error TS1259: Module '"C:/Users/charl/Clothing Web/node_modules/@types/react/index"' can only be default-imported using the 'esModuleInterop' flag
node_modules/next/dist/shared/lib/image-config-context.shared-runtime.d.ts(1,8): error TS1259: Module '"C:/Users/charl/Clothing Web/node_modules/@types/react/index"' can only be default-imported using the 'esModuleInterop' flag
node_modules/next/dist/shared/lib/loadable-context.shared-runtime.d.ts(1,8): error TS1259: Module '"C:/Users/charl/Clothing Web/node_modules/@types/react/index"' can only be default-imported using the 'esModuleInterop' flag
node_modules/next/dist/shared/lib/loadable.shared-runtime.d.ts(21,8): error TS1259: Module '"C:/Users/charl/Clothing Web/node_modules/@types/react/index"' can only be default-imported using the 'esModuleInterop' flag
node_modules/next/dist/shared/lib/router-context.shared-runtime.d.ts(1,8): error TS1259: Module '"C:/Users/charl/Clothing Web/node_modules/@types/react/index"' can only be default-imported using the 'esModuleInterop' flag
node_modules/next/dist/shared/lib/server-inserted-html.shared-runtime.d.ts(1,8): error TS1259: Module '"C:/Users/charl/Clothing Web/node_modules/@types/react/index"' can only be default-imported using the 'esModuleInterop' flag
node_modules/next/dist/shared/lib/utils.d.ts(10,13): error TS1192: Module '"fs"' has no default export.
node_modules/next/dist/styled-jsx/types/global.d.ts(1,8): error TS1259: Module '"C:/Users/charl/Clothing Web/node_modules/@types/react/index"' can only be default-imported using the 'esModuleInterop' flag
